$ ant --version
    ___          __         __                  _____           _       __
   /   |  ____  / /_       / /___ __   ______ _/ ___/__________(_)___  / /_
  / /| | / __ \/ __/  __  / / __ `/ | / / __ `/\__ \/ ___/ ___/ / __ \/ __/
 / ___ |/ / / / /_   / /_/ / /_/ /| |/ / /_/ /___/ / /__/ /  / / /_/ / /_
/_/  |_/_/ /_/\__/   \____/\__,_/ |___/\__,_//____/\___/_/  /_/ .___/\__/
                                                             /_/   by @themackabu
14.0.ff84a70d.0 (released 2026-08-17, 5h ago)
built for arm64-apple-darwin24.6.0

$ ant src/server.ts &
$ curl -s -w '\n' localhost:8080/
hello from Hono on Ant 14.0.ff84a70d.0

$ curl -s -w '\n' localhost:8080/json
{"runtime":"ant","version":"14.0.ff84a70d.0","target":"arm64-apple-darwin24.6.0"}
$ bun ws-client.ts
received: echo: hello ant
--- server log ---
<-- GET /
--> GET / 200 0ms
<-- GET /json
--> GET /json 200 0ms
<-- GET /ws
--> GET /ws 101 0ms
